(+ (^ 2.0 (/ 1.0 101.0)) (^ 2.0 (/ 1.0 102.0)))
(root-obj (+ (^ x 35) (* (- 14) (^ x 30)) (* (- 10) (^ x 28)) (* 84 (^ x 25)) (* (- 9100) (^ x 23)) (* 40 (^ x 21)) (* (- 280) (^ x 20)) (* (- 191800) (^ x 18)) (* (- 79520) (^ x 16)) (* 560 (^ x 15)) (* (- 80) (^ x 14)) (* (- 630000) (^ x 13)) (* 1238160 (^ x 11)) (* (- 672) (^ x 10)) (* (- 71680) (^ x 9)) (* (- 386400) (^ x 8)) (* 80 (^ x 7)) (* (- 659680) (^ x 6)) (* 448 (^ x 5)) (* (- 96320) (^ x 4)) (* (- 26880) (^ x 3)) (* (- 3360) (^ x 2)) (* 2240 x) (- 160)) 1)
5.0
