(error "tactic failed: operator not supported, apply simplifier before invoking this strategy")
(goals
(goal
  (or p q)
  q
  (or p r)
  (or q r)
  :precision precise :depth 2)
)
(goals
(goal
  q
  (or p r)
  :precision precise :depth 3)
)
(goals
(goal
  (= x (ite p 0 1))
  :precision precise :depth 1)
)
(goals
(goal
  (= x (ite p 0 1))
  :precision precise :depth 1)
)
(error "tactic failed: operator not supported, apply simplifier before invoking this strategy")
(goals
(goal
  (or q (not p))
  :precision precise :depth 2)
)
(error "tactic failed: operator not supported, apply simplifier before invoking this strategy")
(goals
(goal
  (or p (not q) (not k!0))
  (or q (not p) (not k!0))
  (or k!0 (not p) (not q))
  (or k!0 p q)
  (not k!0)
  :precision precise :depth 2)
)
