unknown
unsat
unsat
unsat
sat
sat
unsat
sat
sat
unsat
