unknown
unsat
unsat
unsat
unsat
unsat
unsat
unsat
unsat
