sat
((x (fp #b0 #b01111 #b1000000100))
 (r (fp #b0 #b10000 #b0000000000)))
