sat
((PARAM1 19)
 (PARAM2 4)
 (PARAM3 8)
 (PARAM4 32)
 (PARAM5 32))
