sat
sat
((a roundNearestTiesToAway))
((b (fp #b0 #b01111111111 #x999999999999a)))
((c (fp #b0 #b01111111111 #x999999999999a)))
