sat
sat
((q (fp #b0 #b00010110010 #xb00702b1ec101)))
((x (fp #b0 #b00010110010 #xb00702b1ec101)))
((r (fp #b0 #b00010110010 #xb00702b1ec101)))
