sat
(error "line 12 column 10: an invalid model was generated")
unknown
