====== string in regex checks ======
==== atomic cases ====
== none, all ==
true
true
true
true
true
true
true
true
== from string  ==
true
true
true
true
true
true
true
== character ranges ==
true
true
true
true
true
true
true
true
true
true
true
true
== ranges and strings using character literal ==
true
true
true
true
true
true
true
true
== character predicates ==
true
true
true
true
true
true
true
true
true
true
true
true
==== standard constructors ====
== option ==
true
true
true
true
true
true
== union ==
true
true
true
true
true
true
true
true
true
== concat ==
true
true
true
true
true
true
true
true
true
true
true
true
== star ==
true
true
true
true
true
true
true
true
== plus ==
true
true
true
true
true
==== additional boolean constructors ====
== complement ==
true
true
true
true
true
true
true
true
true
true
true
true
true
true
true
== intersection ==
true
true
true
true
true
true
true
true
true
true
true
true
true
true
== difference ==
true
true
true
true
true
true
true
true
true
true
true
==== counting loops ====
== between m and n times ==
true
true
true
true
true
true
true
true
true
true
true
true
== at least m times ==
true
true
true
true
true
true
true
true
true
true
== exactly m times ==
true
true
true
true
true
true
true
true
==== other extensions ====
== if-then-else ==
true
true
true
true
true
true
true
true
true
== reverse ==
true
true
true
true
true
true
true
true
== derivative ==
true
true
true
true
true
true
true
true
true
==== complex combinations ====
true
true
true
true
==== symbolic test cases ====
== symbolic string ==
true
true
true
== if-then-else with unknown condition ==
true
true
true
true
== left/right derivatives with symbolic string ==
true
true
true
true
true
true
true
true
==== Complex complement examples ====
true
true
true
==== evil regex matching example ====
true
