(goals
(goal
  :precision precise :depth 1)
)
(goals
(goal
  :precision precise :depth 2)
)
