(bvadd #x10 (ite b #x40 #x00))
(bvadd #x20 (ite b #x40 #x00))
(concat #b0 (ite b #b0000100 #b0000010))
(bvudiv_i #xf0 (ite b #x08 #x04))
(= 5 (ite b 2 3))
false
b
(bvadd #x10 (ite b x #x00))
(bvadd #x10 (ite b #x00 x))
(bvadd #x20 (ite b x #x00))
(bvadd #x20 (ite b #x00 x))
