(bvadd #x10 (ite b #x40 (ite c1 #x00 #x01)))
(bvadd #x20 (ite b (ite c1 #x40 #x20) (ite c2 #x00 #x10)))
(bvadd #x02 (ite b #x08 (ite c1 #x04 #x60)))
(bvadd #xf0 (ite b #x08 (ite c1 (ite c2 #x01 #x02) #x04)))
(= 5 (ite b 2 3))
false
b
(bvadd #xf0 (ite b #x08 (ite c1 (ite c2 x #x02) #x04)))
(bvadd #xf0 (ite b #x08 (ite c1 (ite c2 #x01 #x02) x)))
