sat
sat
(as seq.empty (Seq Bool))
(seq.++ (seq.map f il_1) (seq.map f il_2))
(seq.unit (select f 4))
sat
sat
true
