success
success
success
success
success
success
success
before reset
success
success
